True  16.97  -22.85  30
True  20.62  -4.04  30
True  -26.24  29.43  30
True  -15.36  1.74  30
False  18.53  -25.38  30
True  -24.64  8.59  30
True  15.5  -14.34  30
False  18.72  17.88  30
False  -23.4  -18.93  30
True  3.61  -12.44  30
False  -8.53  -8.34  30
False  23.5  -19.43  30
False  18.12  -30.73  30
False  -16.29  -30.75  30
True  -20.48  16.97  30
False  -3.27  -8.7  30
True  -17.69  27.07  30
False  26.26  21.64  30
False  25.85  28.92  30
True  -22.16  29.52  30
True  20.34  -1.18  30
False  4.07  5.97  30
False  4.18  5.26  30
False  27.22  24.35  30
False  16.9  15.89  30
False  2.83  24.17  30
True  -5.6  13.79  30
True  27.96  -6.54  30
True  -9.12  18.84  30
True  -11.78  7.07  30
False  12.98  21.88  30
True  20.11  -2.54  30
True  23.44  -18.38  30
False  21.21  24.45  30
False  29.63  25.96  30
False  23.6  8.99  30
True  6.24  -11.12  30
False  0.96  0.47  30
False  8.91  21.35  30
False  18.43  -30.59  30
False  -25.48  -4.82  30
False  -8.48  -29.16  30
True  -15.11  24.88  30
False  17.04  9.08  30
False  25.53  21.06  30
True  -14.92  13.52  30
False  -23.06  30.26  30
True  13.14  -16.1  30
False  -25.63  -28.32  30
False  -20.96  -5.99  30
False  6.85  27.14  30
False  -16.31  -24.25  30
True  -15.03  17.63  30
False  -10.4  30.09  30
False  9.14  10.37  30
True  -11.94  2.88  30
False  6.93  2.27  30
True  6.65  -21.2  30
True  2.21  -12.95  30
True  -21.89  29.01  30
True  -11.98  11.29  30
True  21.87  -10.13  30
False  -12.7  -3.25  30
True  -24.32  23.45  30
True  -0.96  2.23  30
True  -6.97  12.85  30
False  1.16  1.66  30
False  29.1  12.14  30
True  28.15  -3.09  30
False  -30.75  -11.9  30
True  -24.99  0.11  30
False  -16.58  -28.54  30
True  10.83  -13.77  30
False  -12.97  -4.67  30
True  -29.01  1.07  30
False  -17.74  -24.48  30
True  -16.47  11.21  30
False  4.18  3.93  30
False  -14.77  -10.35  30
False  -25.3  -25.3  30
True  -3.39  26.02  30
False  29.87  19.08  30
False  26.18  -28.41  30
True  17.69  -1.79  30
True  -4.16  24.2  30
True  -20.49  28.61  30
True  25.4  -10.48  30
False  -10.13  -3.86  30
False  30.71  11.26  30
False  -10.19  -23.81  30
True  17.96  -13.39  30
False  22.07  29.82  30
True  13.79  -5.22  30
False  10.6  29.82  30
True  -5.86  12.34  30
True  9.98  -26.01  30
False  21.34  30.72  30
False  15.56  11.99  30
True  9.9  -13.79  30
False  26.29  18.4  30
False  2.88  3.01  30
False  23.59  19.72  30
False  16.03  21.82  30
True  -29.95  19.42  30
True  28.19  -4.26  30
False  2.13  24.18  30
True  7.38  -18.0  30
True  4.33  -8.58  30
True  0.66  -29.79  30
False  -21.05  -7.65  30
True  -9.04  6.08  30
False  26.42  -21.77  30
True  -0.43  23.24  30
True  4.06  -7.39  30
False  -2.81  -2.27  30
True  -19.44  9.41  30
True  -9.78  18.13  30
False  -24.3  -30.53  30
False  11.94  -30.85  30
False  3.24  5.14  30
True  -2.68  24.16  30
True  -10.25  14.26  30
True  12.67  -27.05  30
False  9.29  6.79  30
False  -5.1  -20.33  30
False  18.57  11.62  30
True  -9.27  7.1  30
False  -22.64  -7.66  30
True  16.2  -4.11  30
True  -27.63  2.15  30
True  3.23  -28.01  30
True  4.35  -20.53  30
True  0.7  -17.8  30
True  5.56  -19.7  30
True  14.12  -24.05  30
False  -26.74  -19.64  30
False  -17.9  -28.16  30
True  -1.77  20.44  30
True  -0.45  28.66  30
False  30.99  -9.81  30
False  -24.47  -26.53  30
False  14.64  26.62  30
False  -18.2  -8.93  30
False  -9.78  -18.58  30
True  1.11  -16.77  30
False  7.29  18.32  30
False  -4.26  -22.1  30
False  23.18  0.14  30
False  -0.36  -10.62  30
False  -19.82  -19.41  30
True  -2.64  0.86  30
False  8.69  15.79  30
False  18.2  24.06  30
True  27.06  -11.11  30
False  -11.95  -18.02  30
False  -11.68  -0.25  30
False  17.46  22.14  30
True  -22.12  3.67  30
True  -9.58  20.37  30
False  29.43  0.34  30
True  25.41  -0.97  30
True  -15.01  22.25  30
False  -20.52  -26.55  30
False  -26.31  -7.15  30
True  -21.89  3.86  30
False  -9.91  -8.55  30
True  -27.32  17.89  30
False  -30.97  -15.22  30
True  5.34  -9.5  30
False  26.39  21.44  30
True  20.35  -19.93  30
False  -28.46  -17.64  30
False  -18.26  -29.37  30
False  -25.54  -13.15  30
True  17.51  -3.42  30
True  -3.23  27.46  30
False  -17.21  -4.51  30
True  -14.63  4.57  30
True  10.87  -7.46  30
False  -3.64  -30.85  30
True  6.96  -13.79  30
False  -30.68  -0.35  30
True  -27.74  14.36  30
False  11.82  16.67  30
True  1.26  -17.12  30
True  20.57  -5.56  30
False  -1.41  -5.47  30
False  11.91  25.47  30
False  -16.7  -17.29  30
False  25.5  29.19  30
True  -10.13  16.99  30
False  15.69  30.87  30
False  17.86  9.47  30
True  -9.38  5.54  30
False  6.11  16.81  30
True  -0.82  2.64  30
True  1.09  -24.74  30
False  -13.43  -22.59  30
False  14.3  6.93  30
False  13.29  30.73  30
False  -10.49  -24.6  30
True  -20.16  5.1  30
True  -2.3  20.79  30
False  17.72  9.34  30
False  -20.02  -28.88  30
False  -16.31  30.57  30
True  17.11  -18.81  30
True  1.67  -18.85  30
True  6.94  -28.98  30
False  27.1  20.13  30
False  6.93  2.21  30
False  -29.01  -1.64  30
False  -24.83  -16.11  30
False  -10.02  -21.83  30
False  0.53  25.73  30
False  24.51  5.98  30
False  29.53  -23.51  30
False  -30.53  1.93  30
False  -21.36  -11.95  30
True  -16.73  23.08  30
False  30.15  -26.99  30
True  5.13  -12.79  30
True  -14.43  15.58  30
True  6.72  -10.2  30
False  28.0  3.11  30
False  -30.7  17.61  30
True  -12.25  16.25  30
True  -22.52  7.09  30
True  27.43  -3.48  30
True  27.22  -11.1  30
False  12.11  30.22  30
False  -1.17  -23.91  30
False  -24.18  -1.38  30
False  -6.31  -18.56  30
False  -26.87  -9.79  30
False  10.4  27.09  30
False  0.38  0.99  30
False  20.12  3.12  30
True  5.23  -9.38  30
False  13.86  0.16  30
True  0.88  -8.58  30
False  4.48  14.2  30
False  27.4  -15.01  30
True  28.15  -0.66  30
False  29.24  4.13  30
False  -22.25  -20.84  30
False  23.04  14.27  30
False  27.01  29.42  30
False  -8.33  -28.7  30
False  -11.64  -6.99  30
False  29.9  -24.37  30
True  -7.57  15.66  30
False  -7.23  -19.49  30
False  -30.66  -26.95  30
False  -7.14  -10.75  30
True  11.84  -7.48  30
True  -3.97  3.04  30
False  6.79  22.29  30
True  -26.47  3.5  30
False  -27.55  -24.64  30
False  -22.72  -14.77  30
True  2.26  -12.4  30
False  7.25  18.89  30
False  -21.13  -4.8  30
False  9.86  24.28  30
False  25.01  27.39  30
False  16.72  28.65  30
True  -16.45  20.84  30
False  27.77  -16.61  30
True  11.69  -1.43  30
True  -21.21  4.35  30
False  -18.51  -19.82  30
True  -14.76  11.68  30
False  23.29  -21.43  30
False  -27.84  -3.25  30
False  -17.36  -8.86  30
False  -30.68  17.72  30
True  -25.35  20.22  30
True  9.36  -9.19  30
True  23.08  -18.03  30
True  13.42  -11.42  30
True  -15.44  0.6  30
False  -10.41  -25.82  30
False  1.81  5.43  30
True  -25.63  22.7  30
False  16.01  2.78  30
True  3.3  -10.52  30
False  4.39  15.15  30
False  -2.9  -7.33  30
True  15.63  -15.43  30
True  -13.43  8.51  30
False  -28.73  -1.81  30
True  -12.26  5.52  30
True  -24.58  17.46  30
True  -12.96  24.98  30
False  17.56  28.2  30
True  0.85  -7.7  30
False  1.28  14.56  30
False  -17.66  -26.49  30
True  -0.1  11.73  30
True  -26.56  16.52  30
False  -10.48  -14.83  30
False  21.71  9.12  30
False  29.81  5.32  30
False  21.25  12.22  30
False  -26.8  -4.3  30
False  -11.41  -23.83  30
True  -2.21  15.87  30
True  15.15  -14.01  30
False  29.17  23.27  30
False  23.78  10.0  30
False  29.52  11.17  30
False  -19.42  -27.34  30
True  -13.43  26.64  30
False  25.95  12.35  30
False  28.05  3.01  30
True  -22.37  23.98  30
False  -6.19  -2.88  30
False  24.67  0.82  30
True  7.37  -26.62  30
True  -18.09  10.5  30
True  5.01  -15.13  30
True  1.5  -6.75  30
False  -10.06  -23.04  30
False  -18.27  -12.79  30
True  -22.84  8.82  30
True  6.05  -24.86  30
False  11.41  9.94  30
False  -1.09  -11.55  30
True  15.66  -15.96  30
True  8.46  -24.89  30
True  -18.28  0.91  30
False  18.99  25.44  30
False  -20.21  -12.25  30
True  10.36  -25.9  30
True  -26.7  7.43  30
False  13.78  20.2  30
True  8.11  -28.38  30
True  -15.22  9.28  30
False  -22.59  -16.02  30
False  -11.78  -13.76  30
True  -29.08  2.31  30
False  9.0  29.13  30
True  -4.59  2.05  30
True  12.18  -15.6  30
False  19.11  -26.17  30
False  -19.89  -30.41  30
True  -6.39  18.38  30
True  -9.24  3.64  30
True  12.35  -6.35  30
True  14.73  -6.81  30
False  26.38  -25.29  30
False  30.45  16.0  30
False  27.98  -16.83  30
False  30.88  -26.21  30
False  7.14  6.49  30
True  23.52  -12.95  30
False  -1.41  -11.51  30
False  30.94  -2.9  30
False  -1.75  -19.16  30
True  -6.36  27.62  30
True  0.55  -15.18  30
False  6.65  2.23  30
False  14.56  28.1  30
False  -30.89  -11.36  30
True  -14.23  21.99  30
False  6.68  18.78  30
False  -16.58  -14.95  30
True  19.08  -1.66  30
True  -10.25  7.23  30
False  -29.63  -12.25  30
False  27.27  -21.87  30
False  3.03  -29.86  30
True  2.69  -6.29  30
True  -5.87  14.35  30
True  4.67  -4.88  30
False  29.8  26.25  30
False  -2.14  -14.32  30
False  -2.88  -10.76  30
True  -11.44  20.89  30
True  4.97  -12.71  30
False  12.58  19.97  30
True  24.72  -15.1  30
True  -7.12  11.16  30
False  22.98  24.23  30
True  -0.21  13.42  30
True  24.62  -6.33  30
False  -14.81  -25.39  30
False  -29.8  -9.89  30
False  29.27  14.17  30
False  11.92  11.14  30
True  -15.52  8.98  30
False  9.76  7.34  30
True  0.14  -27.28  30
False  20.16  9.53  30
False  -29.17  -7.58  30
True  -19.61  26.17  30
False  4.77  1.79  30
False  -19.21  -9.29  30
False  -29.6  -10.13  30
False  -7.55  -3.22  30
True  -14.4  29.33  30
False  -21.7  -26.51  30
True  10.87  -1.26  30
True  -19.77  11.48  30
False  -6.91  -25.86  30
False  23.21  23.96  30
True  -2.65  11.24  30
False  -30.45  -15.94  30
False  28.13  -25.05  30
True  -25.73  8.3  30
True  -4.92  3.8  30
True  -27.45  14.97  30
True  -6.58  18.59  30
False  -1.24  -24.23  30
False  -28.28  -6.24  30
True  -29.46  0.29  30
False  -2.75  -4.13  30
False  15.04  0.26  30
False  21.52  28.29  30
False  12.4  8.75  30
True  24.2  -7.82  30
False  -12.43  -21.9  30
True  -5.04  17.32  30
True  -21.93  16.21  30
True  8.49  -1.27  30
True  -14.29  5.99  30
False  25.38  -17.22  30
True  11.27  -9.87  30
False  24.62  -19.31  30
True  -9.57  23.25  30
True  -9.76  22.27  30
False  -30.12  16.68  30
True  -23.25  14.22  30
True  -9.92  27.62  30
False  -16.27  -7.31  30
False  -13.57  -25.12  30
False  -10.89  -29.95  30
False  30.7  18.46  30
False  -1.52  -12.28  30
False  15.87  25.93  30
False  24.49  -18.36  30
False  21.84  6.67  30
False  27.77  -24.45  30
True  -18.34  10.46  30
False  -0.17  -19.27  30
True  7.69  -13.92  30
False  -18.97  -6.71  30
True  6.04  -10.64  30
True  10.84  -17.13  30
False  5.73  25.57  30
True  7.02  -5.11  30
True  7.28  -9.34  30
True  -18.34  13.23  30
True  12.55  -23.75  30
False  -26.11  -2.08  30
False  26.2  -17.45  30
True  -23.68  5.71  30
False  25.63  16.52  30
False  22.54  6.35  30
False  27.48  14.25  30
True  -6.51  13.79  30
False  -6.17  30.76  30
True  -7.9  28.59  30
False  1.8  16.14  30
True  22.25  -1.87  30
True  20.03  -9.85  30
True  -15.87  7.4  30
False  6.48  19.88  30
False  26.1  12.62  30
False  -2.77  -22.65  30
True  -12.13  7.51  30
False  16.4  4.3  30
False  -3.85  -25.72  30
True  -19.21  13.35  30
True  -8.45  8.11  30
False  21.26  5.81  30
False  -25.11  -15.37  30
False  30.62  23.36  30
True  -26.41  9.97  30
True  8.74  -18.79  30
False  11.05  1.39  30
False  1.08  4.46  30
False  12.53  15.65  30
False  24.52  0.44  30
True  12.61  -19.16  30
False  7.69  13.04  30
True  -15.8  12.48  30
False  -5.92  -4.99  30
False  2.55  15.59  30
True  -12.56  1.58  30
True  25.59  -14.09  30
False  30.66  -28.34  30
False  -11.91  -14.03  30
True  -28.86  16.1  30
True  0.01  -14.59  30
False  14.26  24.49  30
False  -3.19  -10.89  30
False  -26.76  -8.99  30
False  -13.51  -3.23  30
True  -26.54  21.42  30
True  8.56  -18.62  30
False  12.5  21.99  30
True  -14.97  29.15  30
False  -28.52  -10.98  30
True  8.21  -6.91  30
False  -10.86  30.17  30
False  -21.58  -19.78  30
True  -6.04  8.77  30
True  2.53  -11.93  30
True  -8.35  2.79  30
False  -29.73  -8.81  30
True  19.65  -21.01  30
True  20.34  -19.35  30
False  25.48  2.18  30
True  -7.78  23.88  30
False  -29.51  -19.09  30
False  22.98  14.4  30
False  11.85  -29.94  30
True  -26.72  27.59  30
True  -9.8  21.82  30
False  -19.6  -14.5  30
True  -28.59  25.25  30
False  6.37  30.7  30
True  -24.52  8.55  30
True  -10.8  26.17  30
True  -16.46  18.06  30
False  18.03  19.01  30
False  24.28  3.79  30
False  -16.92  -22.4  30
True  9.25  -28.36  30
True  -27.93  24.73  30
False  -18.63  -26.72  30
False  18.67  -29.07  30
True  10.96  -25.86  30
False  -28.98  30.04  30
False  30.66  -20.07  30
False  -27.36  -30.03  30
True  14.15  -1.66  30
True  -7.59  14.48  30
False  14.73  26.1  30
False  -22.04  -22.05  30
False  -29.28  -0.84  30
False  17.47  0.18  30
False  10.36  20.1  30
True  -20.56  16.34  30
True  -14.46  13.18  30
False  24.29  4.0  30
False  18.56  24.11  30
False  -4.52  -1.44  30
False  17.42  5.61  30
False  0.97  5.8  30
True  -12.85  28.88  30
True  6.49  -12.33  30
True  -4.6  9.32  30
False  22.28  -26.51  30
False  -5.13  -23.12  30
True  11.71  -8.4  30
False  30.82  9.05  30
True  -25.44  27.17  30
True  14.29  -17.27  30
False  -14.9  -1.94  30
False  9.88  2.58  30
True  -6.11  21.99  30
True  7.74  -0.21  30
True  -4.35  17.02  30
True  -15.44  0.9  30
True  -10.23  21.0  30
False  -28.99  -19.23  30
False  -26.62  -12.76  30
True  -11.09  15.13  30
True  15.59  -3.71  30
False  18.55  1.42  30
True  -10.95  9.0  30
True  -20.76  29.4  30
False  -28.48  -22.45  30
False  14.54  -26.59  30
True  -27.96  9.76  30
True  -26.91  21.1  30
False  -18.34  -21.38  30
False  2.62  6.75  30
True  -11.79  26.15  30
False  29.14  26.85  30
False  5.56  13.19  30
False  -26.45  -7.62  30
False  -21.13  -15.45  30
True  0.05  -2.33  30
True  -15.96  18.26  30
True  3.83  -23.34  30
False  30.77  -13.04  30
True  -11.91  1.15  30
True  -13.53  23.0  30
False  -15.39  -0.31  30
True  -11.31  0.26  30
True  -24.73  23.91  30
False  -19.63  -12.28  30
True  -12.73  24.75  30
False  13.39  5.51  30
False  -11.86  -25.39  30
False  -18.32  -16.77  30
False  16.75  17.45  30
False  4.01  -30.38  30
False  21.73  4.08  30
False  29.32  10.51  30
False  -22.01  -29.35  30
True  18.5  -15.55  30
True  -4.63  13.51  30
False  2.31  17.71  30
True  -27.43  7.37  30
True  -14.88  16.87  30
True  -8.59  24.15  30
True  -18.02  7.53  30
True  -17.83  3.91  30
True  -6.39  3.59  30
True  -17.65  8.83  30
False  -9.93  30.5  30
False  11.02  30.67  30
True  -10.97  9.93  30
True  21.38  -8.04  30
True  -24.99  29.29  30
False  -8.31  -25.33  30
False  11.71  0.58  30
True  2.45  -0.39  30
False  -17.68  -0.74  30
True  0.2  -3.24  30
True  15.31  -6.75  30
True  -12.72  20.38  30
True  11.03  -26.55  30
False  -18.61  -13.44  30
False  -27.97  -21.14  30
False  25.19  -23.05  30
False  -30.3  22.78  30
True  19.86  -16.43  30
False  -7.59  -19.34  30
True  -2.99  10.77  30
False  28.29  20.23  30
False  -29.23  30.59  30
False  -1.37  -17.29  30
True  11.65  -0.68  30
False  9.48  0.11  30
True  7.65  -26.31  30
False  -0.37  -0.05  30
False  20.61  24.53  30
True  -11.92  23.21  30
True  17.12  -7.17  30
False  17.3  30.23  30
True  -18.86  11.49  30
False  -27.49  -20.95  30
False  3.77  12.92  30
False  30.02  -23.87  30
True  14.15  -21.16  30
False  -28.16  -13.58  30
False  9.79  5.23  30
True  -6.27  28.49  30
True  26.58  -4.49  30
False  7.11  12.83  30
False  27.44  30.4  30
True  19.79  -0.27  30
True  19.18  -2.1  30
False  -2.79  -22.79  30
False  0.22  25.3  30
False  18.11  27.22  30
False  -2.54  -1.9  30
False  -15.32  -21.84  30
False  -2.78  -18.35  30
False  30.01  28.72  30
True  -4.64  22.81  30
False  -2.01  -29.69  30
False  26.89  -30.79  30
True  0.01  -1.36  30
False  28.33  3.98  30
False  30.63  14.28  30
False  -11.17  -30.18  30
False  -3.35  -12.32  30
True  -5.66  9.39  30
False  -12.42  -26.44  30
True  9.09  -7.04  30
False  -2.41  -10.18  30
False  -28.29  -6.48  30
False  -21.04  -11.74  30
True  22.91  -7.01  30
False  -18.53  -5.95  30
True  7.85  -1.59  30
False  -29.73  -9.63  30
True  13.45  -19.6  30
True  -17.26  24.99  30
True  -0.74  7.27  30
False  27.4  28.65  30
True  -25.04  22.24  30
True  -5.07  16.81  30
False  -30.41  -1.11  30
False  -9.29  -4.08  30
False  21.52  16.18  30
True  22.08  -1.32  30
False  8.26  13.64  30
False  15.86  13.63  30
False  -10.54  -29.14  30
False  20.2  7.0  30
False  24.46  3.65  30
True  7.26  -15.92  30
False  10.48  23.84  30
True  -7.7  6.62  30
False  -15.11  -30.77  30
True  -10.49  6.83  30
False  -15.85  -22.21  30
True  24.26  -8.35  30
False  -13.55  -8.27  30
True  14.95  -10.82  30
False  30.24  -21.74  30
True  -27.0  18.31  30
False  -5.62  -13.62  30
True  -23.7  29.59  30
False  8.99  5.32  30
True  -28.86  16.15  30
True  5.54  -26.77  30
False  -1.81  -16.01  30
True  -28.64  13.94  30
False  -17.0  -7.36  30
False  -1.99  -23.41  30
True  3.97  -7.1  30
False  -10.01  -20.38  30
True  2.03  -21.81  30
False  7.67  17.61  30
False  27.17  2.28  30
True  9.0  -3.02  30
True  14.23  -18.11  30
True  -21.33  1.52  30
False  13.82  25.23  30
True  12.14  -26.39  30
True  -24.67  25.1  30
False  11.43  22.49  30
True  16.18  -19.96  30
False  4.44  24.32  30
True  -21.33  1.43  30
True  -22.13  28.6  30
True  20.81  -12.88  30
True  3.41  -2.73  30
False  -5.34  -14.24  30
True  -9.86  7.89  30
False  -2.09  -30.57  30
False  7.49  14.97  30
False  9.02  8.8  30
False  16.4  0.26  30
True  9.11  -21.5  30
True  27.05  -7.01  30
True  -23.33  14.94  30
True  1.89  -29.3  30
False  -12.98  -16.07  30
False  7.69  20.39  30
True  -14.68  12.65  30
False  19.16  17.74  30
False  -4.9  -11.22  30
False  1.43  27.9  30
True  5.59  -26.36  30
False  3.59  29.4  30
False  -13.06  30.59  30
False  -8.94  -19.89  30
False  23.53  23.36  30
True  18.53  -11.53  30
True  -14.12  28.35  30
True  11.21  -5.83  30
False  -10.24  -27.77  30
False  10.28  5.57  30
True  -4.24  26.79  30
True  -11.01  7.68  30
False  -27.64  -6.52  30
True  24.87  -5.7  30
True  0.99  -8.88  30
False  29.21  -10.55  30
False  13.27  18.7  30
False  -3.52  -11.03  30
True  -1.74  20.76  30
True  5.05  -19.81  30
True  -24.58  9.33  30
False  -10.0  -26.56  30
False  26.86  6.54  30
True  -21.13  27.97  30
False  17.91  14.53  30
True  -20.86  20.87  30
False  -9.93  -21.07  30
False  2.42  16.38  30
False  -30.69  2.64  30
False  -14.9  -4.4  30
False  -16.83  -22.53  30
True  -20.1  24.57  30
True  14.19  -8.03  30
False  -30.01  -3.43  30
False  -18.4  -6.39  30
False  24.64  8.44  30
False  12.61  21.54  30
True  16.3  -6.34  30
False  7.95  26.35  30
False  25.45  1.58  30
False  -12.63  -28.46  30
False  4.52  10.59  30
False  4.78  15.05  30
True  -24.46  15.72  30
False  -12.34  -18.17  30
True  -26.78  4.47  30
False  2.92  27.67  30
False  -27.22  -17.85  30
False  9.06  16.6  30
True  -2.24  21.63  30
False  -21.9  -27.63  30
False  -27.16  -29.04  30
True  -13.86  29.19  30
False  14.12  7.3  30
False  11.39  18.58  30
False  23.49  -27.57  30
False  6.6  6.22  30
False  -18.46  -11.28  30
False  19.69  -30.95  30
False  -5.88  -5.95  30
False  9.59  8.59  30
False  -4.92  -4.34  30
False  18.44  5.87  30
True  -22.34  7.24  30
True  24.22  -16.51  30
False  26.66  20.36  30
False  20.11  30.53  30
True  4.09  -18.35  30
False  23.31  25.41  30
True  -24.95  21.52  30
False  -28.21  -28.56  30
False  11.64  1.77  30
False  14.7  18.49  30
False  2.42  27.16  30
True  -27.04  21.71  30
False  9.14  1.87  30
False  13.71  7.5  30
True  -24.43  4.92  30
False  29.14  27.83  30
False  17.33  2.33  30
True  -17.92  8.28  30
True  -24.33  28.86  30
True  6.95  -9.93  30
True  12.87  -25.19  30
True  1.62  -29.47  30
False  7.4  -29.18  30
False  -27.19  -16.91  30
False  -1.07  -19.16  30
False  -23.37  -30.95  30
True  -13.51  12.8  30
False  10.46  5.83  30
False  -8.08  -9.92  30
True  -27.24  2.39  30
True  -15.78  28.34  30
False  -14.86  -25.85  30
False  -1.48  -12.11  30
True  -11.91  20.0  30
True  -14.2  3.74  30
False  -24.6  -24.49  30
False  8.5  19.78  30
False  -27.46  -4.33  30
False  15.2  18.76  30
False  -15.51  -23.29  30
True  -24.7  0.99  30
False  -0.69  -5.45  30
False  30.91  30.98  30
True  -3.41  20.54  30
True  -15.79  8.49  30
True  -8.54  18.54  30
True  6.0  -24.41  30
False  3.53  2.37  30
False  -30.38  -16.25  30
True  3.98  -29.04  30
True  28.35  -2.9  30
False  -18.44  -6.19  30
True  4.72  -17.35  30
False  17.98  9.75  30
True  3.29  -15.48  30
True  11.04  -6.44  30
True  27.44  -7.92  30
False  27.05  -19.38  30
True  -22.14  5.57  30
True  18.15  -20.87  30
False  -1.43  -28.64  30
False  4.04  19.08  30
True  -26.59  17.28  30
True  -29.37  17.5  30
False  9.08  7.29  30
False  -1.53  -15.86  30
False  8.51  1.12  30
True  -25.44  13.57  30
False  -4.44  -22.07  30
False  -30.57  8.02  30
False  16.93  -27.24  30
True  -5.12  15.39  30
False  1.4  23.2  30
False  -28.7  -7.05  30
False  -6.02  -7.11  30
False  -25.22  -24.26  30
False  22.12  20.08  30
False  -24.64  -4.82  30
False  -12.27  -17.6  30
False  14.14  26.6  30
True  22.44  -17.06  30
False  19.8  0.2  30
False  22.31  -29.99  30
False  8.12  13.2  30
False  16.27  9.47  30
False  -9.49  -22.7  30
False  16.53  5.52  30
False  24.78  17.14  30
False  24.66  14.5  30
True  -21.82  6.9  30
False  21.66  28.97  30
True  21.45  -9.6  30
True  -19.32  4.27  30
False  -2.21  -30.58  30
True  -18.81  28.03  30
True  -21.9  15.13  30
False  28.37  -22.3  30
True  11.57  -1.96  30
False  22.24  6.79  30
False  26.97  21.55  30
False  -28.79  -9.36  30
False  -27.38  -30.78  30
False  9.38  13.83  30
True  23.65  -6.2  30
False  24.21  -27.47  30
True  -27.59  18.85  30
False  -0.81  -8.67  30
True  -19.33  19.37  30
False  -23.09  -0.36  30
True  0.49  -28.81  30
False  -24.15  -22.65  30
False  12.5  9.25  30
False  -25.58  -25.83  30
False  -1.62  -26.92  30
True  6.2  -4.3  30
False  -30.83  -0.4  30
False  -3.61  -0.37  30
False  -23.56  -18.48  30
False  27.87  21.36  30
False  -29.83  -13.97  30
False  28.32  -19.2  30
False  6.08  11.37  30
True  -7.23  28.01  30
True  -13.04  29.27  30
False  23.67  -24.66  30
True  11.23  -12.04  30
False  -6.85  -15.81  30
False  30.76  7.37  30
False  -12.42  -15.02  30
False  -14.74  -26.9  30
True  12.64  -4.13  30
True  4.81  -23.56  30
True  -15.22  13.85  30
False  -11.29  -22.09  30
False  2.18  9.0  30
True  19.7  -6.63  30
True  -18.03  21.28  30
False  -15.85  -18.15  30
False  15.25  13.25  30
True  -20.76  16.22  30
False  13.12  16.93  30
True  -13.84  4.27  30
False  7.29  6.83  30
True  9.87  -27.65  30
False  22.32  -30.42  30
False  27.63  21.05  30
False  29.95  -9.32  30
False  26.48  7.83  30
True  -15.88  18.68  30
False  -4.81  -16.6  30
False  23.65  -20.44  30
True  4.39  -11.93  30
False  -2.54  -29.28  30
False  -1.61  -29.61  30
False  12.43  17.63  30
False  -3.75  -28.66  30
False  19.47  -26.78  30
False  -10.94  -10.08  30
False  3.32  22.96  30
True  -5.46  22.95  30
False  20.95  21.34  30
False  -18.99  30.57  30
True  -27.07  9.1  30
True  26.89  -3.71  30
False  -17.59  -18.21  30
False  8.41  26.38  30
True  -7.76  4.54  30
False  23.79  27.13  30
True  22.88  -8.14  30
False  7.95  22.85  30
True  1.26  -13.28  30
False  -3.19  -25.81  30
False  9.28  0.88  30
False  -14.03  -3.21  30
True  -18.47  1.7  30
False  30.51  -8.4  30
True  -19.93  13.75  30
True  -17.23  15.81  30
False  -18.46  -24.06  30
False  5.4  14.35  30
False  2.62  13.97  30
False  2.45  26.53  30
False  -2.12  -14.67  30
True  -13.14  12.59  30
